// Jest Snapshot v1, https://goo.gl/fbAQLP

exports[`matches snapshot 1`] = `
<div
  className="card"
>
  <div
    className="card-body"
  >
    <p>
      Something went wrong
      .
    </p>
    <button
      aria-label={null}
      className="btn btn-danger"
      onClick={[Function]}
      type="button"
    >
      let's try again!
    </button>
  </div>
</div>
`;
