// Jest Snapshot v1, https://goo.gl/fbAQLP

exports[`matches snapshot 1`] = `
<div
  className="card"
>
  <div
    className="card-body"
  >
    <div
      className="card-title"
    >
      Please choose battle type.
    </div>
    <div
      className="btn-group"
      role="group"
    >
      <button
        aria-label={null}
        className="btn btn-primary"
        onClick={[Function]}
        type="button"
      >
        people
         
      </button>
      <button
        aria-label={null}
        className="btn btn-primary"
        onClick={[Function]}
        type="button"
      >
        starships
         
      </button>
    </div>
  </div>
</div>
`;
